2026-03-10 14:08:08,070 - test_client - INFO - 发起POST请求:http://127.0.0.1:5000/api/todos/todos
2026-03-10 14:08:08,655 - test_client - INFO - 响应状态码：404
2026-03-10 14:08:08,875 - test_client - INFO - 发起POST请求:http://127.0.0.1:5000/api/todos/todos
2026-03-10 14:08:08,878 - test_client - INFO - 响应状态码：404
2026-03-10 14:08:08,887 - test_client - INFO - 发起POST请求:http://127.0.0.1:5000/api/todos/todos
2026-03-10 14:08:08,903 - test_client - INFO - 响应状态码：404
2026-03-10 14:08:08,911 - test_client - INFO - 发起POST请求:http://127.0.0.1:5000/api/todos/todos
2026-03-10 14:08:08,934 - test_client - INFO - 响应状态码：404
2026-03-10 14:08:08,941 - test_client - INFO - 发起GET请求:http://127.0.0.1:5000/api/todos/todos
2026-03-10 14:08:08,966 - test_client - INFO - 响应状态码：404
2026-03-10 14:08:08,967 - test_client - INFO - 发起POST请求:http://127.0.0.1:5000/api/todos/todos
2026-03-10 14:08:08,982 - test_client - INFO - 响应状态码：404
2026-03-10 14:08:08,984 - test_client - INFO - 发起POST请求:http://127.0.0.1:5000/api/todos/todos
2026-03-10 14:08:08,997 - test_client - INFO - 响应状态码：404
2026-03-10 14:08:08,999 - test_client - INFO - 发起GET请求:http://127.0.0.1:5000/api/todos/todos
2026-03-10 14:08:09,012 - test_client - INFO - 响应状态码：404
2026-03-10 14:08:09,020 - test_client - INFO - 发起GET请求:http://127.0.0.1:5000/api/todos/todos
2026-03-10 14:08:09,044 - test_client - INFO - 响应状态码：404
2026-03-10 14:08:09,045 - test_client - INFO - 发起POST请求:http://127.0.0.1:5000/api/todos/todos
2026-03-10 14:08:09,059 - test_client - INFO - 响应状态码：404
2026-03-10 14:08:09,089 - test_client - INFO - 发起GET请求:http://127.0.0.1:5000/api/todos/todos/99999
2026-03-10 14:08:09,581 - test_client - INFO - 响应状态码：404
2026-03-10 14:08:09,584 - test_client - INFO - 发起GET请求:http://127.0.0.1:5000/api/todos/todos
2026-03-10 14:08:09,597 - test_client - INFO - 响应状态码：404
2026-03-10 14:08:09,597 - test_client - INFO - 发起POST请求:http://127.0.0.1:5000/api/todos/todos
2026-03-10 14:08:09,614 - test_client - INFO - 响应状态码：404
2026-03-10 14:08:09,637 - test_client - INFO - 发起GET请求:http://127.0.0.1:5000/api/todos/todos
2026-03-10 14:08:09,660 - test_client - INFO - 响应状态码：404
2026-03-10 14:08:09,662 - test_client - INFO - 发起POST请求:http://127.0.0.1:5000/api/todos/todos
2026-03-10 14:08:09,676 - test_client - INFO - 响应状态码：404
2026-03-10 14:08:09,702 - test_client - INFO - 发起GET请求:http://127.0.0.1:5000/api/todos/todos
2026-03-10 14:08:09,724 - test_client - INFO - 响应状态码：404
2026-03-10 14:08:09,725 - test_client - INFO - 发起PUT请求:http://127.0.0.1:5000/api/todos/todos/9999
2026-03-10 14:08:09,739 - test_client - INFO - 响应状态码：404
2026-03-10 14:08:09,743 - test_client - INFO - 发起GET请求:http://127.0.0.1:5000/api/todos/todos
2026-03-10 14:08:09,746 - test_client - INFO - 响应状态码：404
2026-03-10 14:08:09,746 - test_client - INFO - 发起POST请求:http://127.0.0.1:5000/api/todos/todos
2026-03-10 14:08:09,771 - test_client - INFO - 响应状态码：404
2026-03-10 14:08:09,794 - test_client - INFO - 发起DELETE请求:http://127.0.0.1:5000/api/todos/todos/99999
2026-03-10 14:08:09,817 - test_client - INFO - 响应状态码：404
2026-03-10 14:10:34,415 - test_client - INFO - 发起POST请求:http://127.0.0.1:5000/api/todos/todos
2026-03-10 14:10:34,438 - test_client - INFO - 响应状态码：404
2026-03-10 14:10:34,512 - test_client - INFO - 发起POST请求:http://127.0.0.1:5000/api/todos/todos
2026-03-10 14:10:34,525 - test_client - INFO - 响应状态码：404
2026-03-10 14:10:34,530 - test_client - INFO - 发起POST请求:http://127.0.0.1:5000/api/todos/todos
2026-03-10 14:10:34,532 - test_client - INFO - 响应状态码：404
2026-03-10 14:10:34,539 - test_client - INFO - 发起POST请求:http://127.0.0.1:5000/api/todos/todos
2026-03-10 14:10:34,551 - test_client - INFO - 响应状态码：404
2026-03-10 14:10:34,557 - test_client - INFO - 发起GET请求:http://127.0.0.1:5000/api/todos/todos
2026-03-10 14:10:34,578 - test_client - INFO - 响应状态码：404
2026-03-10 14:10:34,578 - test_client - INFO - 发起POST请求:http://127.0.0.1:5000/api/todos/todos
2026-03-10 14:10:34,594 - test_client - INFO - 响应状态码：404
2026-03-10 14:10:34,595 - test_client - INFO - 发起POST请求:http://127.0.0.1:5000/api/todos/todos
2026-03-10 14:10:34,611 - test_client - INFO - 响应状态码：404
2026-03-10 14:10:34,611 - test_client - INFO - 发起GET请求:http://127.0.0.1:5000/api/todos/todos
2026-03-10 14:10:34,627 - test_client - INFO - 响应状态码：404
2026-03-10 14:10:34,632 - test_client - INFO - 发起GET请求:http://127.0.0.1:5000/api/todos/todos
2026-03-10 14:10:34,634 - test_client - INFO - 响应状态码：404
2026-03-10 14:10:34,634 - test_client - INFO - 发起POST请求:http://127.0.0.1:5000/api/todos/todos
2026-03-10 14:10:34,649 - test_client - INFO - 响应状态码：404
2026-03-10 14:10:34,671 - test_client - INFO - 发起GET请求:http://127.0.0.1:5000/api/todos/todos/99999
2026-03-10 14:10:34,687 - test_client - INFO - 响应状态码：404
2026-03-10 14:10:34,691 - test_client - INFO - 发起GET请求:http://127.0.0.1:5000/api/todos/todos
2026-03-10 14:10:34,703 - test_client - INFO - 响应状态码：404
2026-03-10 14:10:34,704 - test_client - INFO - 发起POST请求:http://127.0.0.1:5000/api/todos/todos
2026-03-10 14:10:34,718 - test_client - INFO - 响应状态码：404
2026-03-10 14:10:34,739 - test_client - INFO - 发起GET请求:http://127.0.0.1:5000/api/todos/todos
2026-03-10 14:10:34,741 - test_client - INFO - 响应状态码：404
2026-03-10 14:10:34,742 - test_client - INFO - 发起POST请求:http://127.0.0.1:5000/api/todos/todos
2026-03-10 14:10:34,761 - test_client - INFO - 响应状态码：404
2026-03-10 14:10:34,781 - test_client - INFO - 发起GET请求:http://127.0.0.1:5000/api/todos/todos
2026-03-10 14:10:34,783 - test_client - INFO - 响应状态码：404
2026-03-10 14:10:34,784 - test_client - INFO - 发起PUT请求:http://127.0.0.1:5000/api/todos/todos/9999
2026-03-10 14:10:34,785 - test_client - INFO - 响应状态码：404
2026-03-10 14:10:34,789 - test_client - INFO - 发起GET请求:http://127.0.0.1:5000/api/todos/todos
2026-03-10 14:10:34,800 - test_client - INFO - 响应状态码：404
2026-03-10 14:10:34,802 - test_client - INFO - 发起POST请求:http://127.0.0.1:5000/api/todos/todos
2026-03-10 14:10:34,815 - test_client - INFO - 响应状态码：404
2026-03-10 14:10:34,835 - test_client - INFO - 发起DELETE请求:http://127.0.0.1:5000/api/todos/todos/99999
2026-03-10 14:10:34,837 - test_client - INFO - 响应状态码：404
2026-03-10 14:14:31,764 - test_client - INFO - 发起POST请求:http://127.0.0.1:5000/api/todos/todos
2026-03-10 14:14:31,786 - test_client - INFO - 响应状态码：404
2026-03-10 14:14:31,858 - test_client - INFO - 发起POST请求:http://127.0.0.1:5000/api/todos/todos
2026-03-10 14:14:31,874 - test_client - INFO - 响应状态码：404
2026-03-10 14:14:31,880 - test_client - INFO - 发起POST请求:http://127.0.0.1:5000/api/todos/todos
2026-03-10 14:14:31,896 - test_client - INFO - 响应状态码：404
2026-03-10 14:14:31,903 - test_client - INFO - 发起POST请求:http://127.0.0.1:5000/api/todos/todos
2026-03-10 14:14:31,928 - test_client - INFO - 响应状态码：404
2026-03-10 14:14:31,935 - test_client - INFO - 发起GET请求:http://127.0.0.1:5000/api/todos/todos
2026-03-10 14:14:31,959 - test_client - INFO - 响应状态码：404
2026-03-10 14:14:31,961 - test_client - INFO - 发起POST请求:http://127.0.0.1:5000/api/todos/todos
2026-03-10 14:14:31,974 - test_client - INFO - 响应状态码：404
2026-03-10 14:14:31,974 - test_client - INFO - 发起POST请求:http://127.0.0.1:5000/api/todos/todos
2026-03-10 14:14:31,991 - test_client - INFO - 响应状态码：404
2026-03-10 14:14:31,991 - test_client - INFO - 发起GET请求:http://127.0.0.1:5000/api/todos/todos
2026-03-10 14:14:31,992 - test_client - INFO - 响应状态码：404
2026-03-10 14:14:31,999 - test_client - INFO - 发起GET请求:http://127.0.0.1:5000/api/todos/todos
2026-03-10 14:14:32,000 - test_client - INFO - 响应状态码：404
2026-03-10 14:14:32,000 - test_client - INFO - 发起POST请求:http://127.0.0.1:5000/api/todos/todos
2026-03-10 14:14:32,002 - test_client - INFO - 响应状态码：404
2026-03-10 14:14:32,022 - test_client - INFO - 发起GET请求:http://127.0.0.1:5000/api/todos/todos/99999
2026-03-10 14:14:32,040 - test_client - INFO - 响应状态码：404
2026-03-10 14:14:32,043 - test_client - INFO - 发起GET请求:http://127.0.0.1:5000/api/todos/todos
2026-03-10 14:14:32,056 - test_client - INFO - 响应状态码：404
2026-03-10 14:14:32,057 - test_client - INFO - 发起POST请求:http://127.0.0.1:5000/api/todos/todos
2026-03-10 14:14:32,083 - test_client - INFO - 响应状态码：404
2026-03-10 14:14:32,104 - test_client - INFO - 发起GET请求:http://127.0.0.1:5000/api/todos/todos
2026-03-10 14:14:32,105 - test_client - INFO - 响应状态码：404
2026-03-10 14:14:32,105 - test_client - INFO - 发起POST请求:http://127.0.0.1:5000/api/todos/todos
2026-03-10 14:14:32,107 - test_client - INFO - 响应状态码：404
2026-03-10 14:14:32,126 - test_client - INFO - 发起GET请求:http://127.0.0.1:5000/api/todos/todos
2026-03-10 14:14:32,144 - test_client - INFO - 响应状态码：404
2026-03-10 14:14:32,144 - test_client - INFO - 发起PUT请求:http://127.0.0.1:5000/api/todos/todos/9999
2026-03-10 14:14:32,159 - test_client - INFO - 响应状态码：404
2026-03-10 14:14:32,162 - test_client - INFO - 发起GET请求:http://127.0.0.1:5000/api/todos/todos
2026-03-10 14:14:32,164 - test_client - INFO - 响应状态码：404
2026-03-10 14:14:32,164 - test_client - INFO - 发起POST请求:http://127.0.0.1:5000/api/todos/todos
2026-03-10 14:14:32,165 - test_client - INFO - 响应状态码：404
2026-03-10 14:14:32,185 - test_client - INFO - 发起DELETE请求:http://127.0.0.1:5000/api/todos/todos/99999
2026-03-10 14:14:32,205 - test_client - INFO - 响应状态码：404
2026-03-10 14:19:07,511 - test_client - INFO - 发起POST请求:http://127.0.0.1:5000/api/todos
2026-03-10 14:19:07,589 - test_client - INFO - 响应状态码：201
2026-03-10 14:19:07,593 - test_client - INFO - 发起POST请求:http://127.0.0.1:5000/api/todos
2026-03-10 14:19:07,620 - test_client - INFO - 响应状态码：201
2026-03-10 14:19:07,622 - test_client - INFO - 发起POST请求:http://127.0.0.1:5000/api/todos
2026-03-10 14:19:07,665 - test_client - INFO - 响应状态码：201
2026-03-10 14:19:07,850 - test_client - INFO - 发起POST请求:http://127.0.0.1:5000/api/todos
2026-03-10 14:19:07,871 - test_client - INFO - 响应状态码：201
2026-03-10 14:19:07,875 - test_client - INFO - 发起GET请求:http://127.0.0.1:5000/api/todos
2026-03-10 14:19:07,897 - test_client - INFO - 响应状态码：200
2026-03-10 14:19:07,897 - test_client - INFO - 发起DELETE请求:http://127.0.0.1:5000/api/todos/1
2026-03-10 14:19:07,932 - test_client - INFO - 响应状态码：200
2026-03-10 14:19:07,933 - test_client - INFO - 发起DELETE请求:http://127.0.0.1:5000/api/todos/2
2026-03-10 14:19:07,971 - test_client - INFO - 响应状态码：200
2026-03-10 14:19:07,971 - test_client - INFO - 发起DELETE请求:http://127.0.0.1:5000/api/todos/3
2026-03-10 14:19:08,007 - test_client - INFO - 响应状态码：200
2026-03-10 14:19:08,007 - test_client - INFO - 发起DELETE请求:http://127.0.0.1:5000/api/todos/4
2026-03-10 14:19:08,048 - test_client - INFO - 响应状态码：200
2026-03-10 14:19:08,048 - test_client - INFO - 发起DELETE请求:http://127.0.0.1:5000/api/todos/5
2026-03-10 14:19:08,079 - test_client - INFO - 响应状态码：200
2026-03-10 14:19:08,079 - test_client - INFO - 发起POST请求:http://127.0.0.1:5000/api/todos
2026-03-10 14:19:08,117 - test_client - INFO - 响应状态码：201
2026-03-10 14:19:08,117 - test_client - INFO - 发起POST请求:http://127.0.0.1:5000/api/todos
2026-03-10 14:19:08,156 - test_client - INFO - 响应状态码：201
2026-03-10 14:19:08,156 - test_client - INFO - 发起GET请求:http://127.0.0.1:5000/api/todos
2026-03-10 14:19:08,174 - test_client - INFO - 响应状态码：200
2026-03-10 14:19:08,179 - test_client - INFO - 发起GET请求:http://127.0.0.1:5000/api/todos
2026-03-10 14:19:08,180 - test_client - INFO - 响应状态码：200
2026-03-10 14:19:08,181 - test_client - INFO - 发起DELETE请求:http://127.0.0.1:5000/api/todos/1
2026-03-10 14:19:08,209 - test_client - INFO - 响应状态码：200
2026-03-10 14:19:08,209 - test_client - INFO - 发起DELETE请求:http://127.0.0.1:5000/api/todos/2
2026-03-10 14:19:08,228 - test_client - INFO - 响应状态码：200
2026-03-10 14:19:08,229 - test_client - INFO - 发起POST请求:http://127.0.0.1:5000/api/todos
2026-03-10 14:19:08,268 - test_client - INFO - 响应状态码：201
2026-03-10 14:19:08,269 - test_client - INFO - 发起GET请求:http://127.0.0.1:5000/api/todos/1
2026-03-10 14:19:08,281 - test_client - INFO - 响应状态码：200
2026-03-10 14:19:08,284 - test_client - INFO - 发起GET请求:http://127.0.0.1:5000/api/todos/99999
2026-03-10 14:19:08,296 - test_client - INFO - 响应状态码：404
2026-03-10 14:19:08,300 - test_client - INFO - 发起GET请求:http://127.0.0.1:5000/api/todos
2026-03-10 14:19:08,316 - test_client - INFO - 响应状态码：200
2026-03-10 14:19:08,316 - test_client - INFO - 发起DELETE请求:http://127.0.0.1:5000/api/todos/1
2026-03-10 14:19:08,358 - test_client - INFO - 响应状态码：200
2026-03-10 14:19:08,358 - test_client - INFO - 发起POST请求:http://127.0.0.1:5000/api/todos
2026-03-10 14:19:08,391 - test_client - INFO - 响应状态码：201
2026-03-10 14:19:08,391 - test_client - INFO - 发起PUT请求:http://127.0.0.1:5000/api/todos/1
2026-03-10 14:19:08,428 - test_client - INFO - 响应状态码：200
2026-03-10 14:19:08,433 - test_client - INFO - 发起GET请求:http://127.0.0.1:5000/api/todos
2026-03-10 14:19:08,457 - test_client - INFO - 响应状态码：200
2026-03-10 14:19:08,457 - test_client - INFO - 发起DELETE请求:http://127.0.0.1:5000/api/todos/1
2026-03-10 14:19:08,491 - test_client - INFO - 响应状态码：200
2026-03-10 14:19:08,491 - test_client - INFO - 发起POST请求:http://127.0.0.1:5000/api/todos
2026-03-10 14:19:08,521 - test_client - INFO - 响应状态码：201
2026-03-10 14:19:08,521 - test_client - INFO - 发起PUT请求:http://127.0.0.1:5000/api/todos/1
2026-03-10 14:19:08,581 - test_client - INFO - 响应状态码：500
2026-03-10 14:19:08,588 - test_client - INFO - 发起GET请求:http://127.0.0.1:5000/api/todos
2026-03-10 14:19:08,612 - test_client - INFO - 响应状态码：200
2026-03-10 14:19:08,612 - test_client - INFO - 发起DELETE请求:http://127.0.0.1:5000/api/todos/1
2026-03-10 14:19:08,644 - test_client - INFO - 响应状态码：200
2026-03-10 14:19:08,644 - test_client - INFO - 发起PUT请求:http://127.0.0.1:5000/api/todos/9999
2026-03-10 14:19:08,658 - test_client - INFO - 响应状态码：404
2026-03-10 14:19:08,661 - test_client - INFO - 发起GET请求:http://127.0.0.1:5000/api/todos
2026-03-10 14:19:08,663 - test_client - INFO - 响应状态码：200
2026-03-10 14:19:08,663 - test_client - INFO - 发起POST请求:http://127.0.0.1:5000/api/todos
2026-03-10 14:19:08,682 - test_client - INFO - 响应状态码：201
2026-03-10 14:19:08,682 - test_client - INFO - 发起DELETE请求:http://127.0.0.1:5000/api/todos/1
2026-03-10 14:19:08,713 - test_client - INFO - 响应状态码：200
2026-03-10 14:19:08,719 - test_client - INFO - 发起DELETE请求:http://127.0.0.1:5000/api/todos/99999
2026-03-10 14:19:08,740 - test_client - INFO - 响应状态码：404
2026-03-10 14:20:32,032 - test_client - INFO - 发起POST请求:http://127.0.0.1:5000/api/todos
2026-03-10 14:20:32,126 - test_client - INFO - 响应状态码：201
2026-03-10 14:20:32,130 - test_client - INFO - 发起POST请求:http://127.0.0.1:5000/api/todos
2026-03-10 14:20:32,170 - test_client - INFO - 响应状态码：201
2026-03-10 14:20:32,175 - test_client - INFO - 发起POST请求:http://127.0.0.1:5000/api/todos
2026-03-10 14:20:32,196 - test_client - INFO - 响应状态码：201
2026-03-10 14:20:32,272 - test_client - INFO - 发起POST请求:http://127.0.0.1:5000/api/todos
2026-03-10 14:20:32,309 - test_client - INFO - 响应状态码：201
2026-03-10 14:20:32,312 - test_client - INFO - 发起GET请求:http://127.0.0.1:5000/api/todos
2026-03-10 14:20:32,336 - test_client - INFO - 响应状态码：200
2026-03-10 14:20:32,336 - test_client - INFO - 发起DELETE请求:http://127.0.0.1:5000/api/todos/1
2026-03-10 14:20:32,369 - test_client - INFO - 响应状态码：200
2026-03-10 14:20:32,369 - test_client - INFO - 发起DELETE请求:http://127.0.0.1:5000/api/todos/2
2026-03-10 14:20:32,401 - test_client - INFO - 响应状态码：200
2026-03-10 14:20:32,401 - test_client - INFO - 发起DELETE请求:http://127.0.0.1:5000/api/todos/3
2026-03-10 14:20:32,431 - test_client - INFO - 响应状态码：200
2026-03-10 14:20:32,431 - test_client - INFO - 发起DELETE请求:http://127.0.0.1:5000/api/todos/4
2026-03-10 14:20:32,467 - test_client - INFO - 响应状态码：200
2026-03-10 14:20:32,468 - test_client - INFO - 发起POST请求:http://127.0.0.1:5000/api/todos
2026-03-10 14:20:32,507 - test_client - INFO - 响应状态码：201
2026-03-10 14:20:32,507 - test_client - INFO - 发起POST请求:http://127.0.0.1:5000/api/todos
2026-03-10 14:20:32,540 - test_client - INFO - 响应状态码：201
2026-03-10 14:20:32,540 - test_client - INFO - 发起GET请求:http://127.0.0.1:5000/api/todos
2026-03-10 14:20:32,555 - test_client - INFO - 响应状态码：200
2026-03-10 14:20:32,560 - test_client - INFO - 发起GET请求:http://127.0.0.1:5000/api/todos
2026-03-10 14:20:32,573 - test_client - INFO - 响应状态码：200
2026-03-10 14:20:32,573 - test_client - INFO - 发起DELETE请求:http://127.0.0.1:5000/api/todos/1
2026-03-10 14:20:32,603 - test_client - INFO - 响应状态码：200
2026-03-10 14:20:32,603 - test_client - INFO - 发起DELETE请求:http://127.0.0.1:5000/api/todos/2
2026-03-10 14:20:32,634 - test_client - INFO - 响应状态码：200
2026-03-10 14:20:32,635 - test_client - INFO - 发起POST请求:http://127.0.0.1:5000/api/todos
2026-03-10 14:20:32,672 - test_client - INFO - 响应状态码：201
2026-03-10 14:20:32,672 - test_client - INFO - 发起GET请求:http://127.0.0.1:5000/api/todos/1
2026-03-10 14:20:32,692 - test_client - INFO - 响应状态码：200
2026-03-10 14:20:32,698 - test_client - INFO - 发起GET请求:http://127.0.0.1:5000/api/todos/99999
2026-03-10 14:20:32,723 - test_client - INFO - 响应状态码：404
2026-03-10 14:20:32,727 - test_client - INFO - 发起GET请求:http://127.0.0.1:5000/api/todos
2026-03-10 14:20:32,731 - test_client - INFO - 响应状态码：200
2026-03-10 14:20:32,731 - test_client - INFO - 发起DELETE请求:http://127.0.0.1:5000/api/todos/1
2026-03-10 14:20:32,777 - test_client - INFO - 响应状态码：200
2026-03-10 14:20:32,777 - test_client - INFO - 发起POST请求:http://127.0.0.1:5000/api/todos
2026-03-10 14:20:32,811 - test_client - INFO - 响应状态码：201
2026-03-10 14:20:32,811 - test_client - INFO - 发起PUT请求:http://127.0.0.1:5000/api/todos/1
2026-03-10 14:20:32,843 - test_client - INFO - 响应状态码：200
2026-03-10 14:20:32,845 - test_client - INFO - 发起GET请求:http://127.0.0.1:5000/api/todos
2026-03-10 14:20:32,848 - test_client - INFO - 响应状态码：200
2026-03-10 14:20:32,848 - test_client - INFO - 发起DELETE请求:http://127.0.0.1:5000/api/todos/1
2026-03-10 14:20:32,867 - test_client - INFO - 响应状态码：200
2026-03-10 14:20:32,869 - test_client - INFO - 发起POST请求:http://127.0.0.1:5000/api/todos
2026-03-10 14:20:32,901 - test_client - INFO - 响应状态码：201
2026-03-10 14:20:32,901 - test_client - INFO - 发起PUT请求:http://127.0.0.1:5000/api/todos/1
2026-03-10 14:20:32,949 - test_client - INFO - 响应状态码：500
2026-03-10 14:20:32,955 - test_client - INFO - 发起GET请求:http://127.0.0.1:5000/api/todos
2026-03-10 14:20:32,972 - test_client - INFO - 响应状态码：200
2026-03-10 14:20:32,972 - test_client - INFO - 发起DELETE请求:http://127.0.0.1:5000/api/todos/1
2026-03-10 14:20:33,011 - test_client - INFO - 响应状态码：200
2026-03-10 14:20:33,012 - test_client - INFO - 发起PUT请求:http://127.0.0.1:5000/api/todos/9999
2026-03-10 14:20:33,013 - test_client - INFO - 响应状态码：404
2026-03-10 14:20:33,018 - test_client - INFO - 发起GET请求:http://127.0.0.1:5000/api/todos
2026-03-10 14:20:33,040 - test_client - INFO - 响应状态码：200
2026-03-10 14:20:33,040 - test_client - INFO - 发起POST请求:http://127.0.0.1:5000/api/todos
2026-03-10 14:20:33,073 - test_client - INFO - 响应状态码：201
2026-03-10 14:20:33,073 - test_client - INFO - 发起DELETE请求:http://127.0.0.1:5000/api/todos/1
2026-03-10 14:20:33,105 - test_client - INFO - 响应状态码：200
2026-03-10 14:20:33,111 - test_client - INFO - 发起DELETE请求:http://127.0.0.1:5000/api/todos/99999
2026-03-10 14:20:33,114 - test_client - INFO - 响应状态码：404
2026-03-10 14:49:18,935 - test_client - INFO - 发起POST请求:http://127.0.0.1:5000/api/todos
2026-03-10 14:49:19,026 - test_client - INFO - 响应状态码：201
2026-03-10 14:49:19,029 - test_client - INFO - 发起POST请求:http://127.0.0.1:5000/api/todos
2026-03-10 14:49:19,072 - test_client - INFO - 响应状态码：201
2026-03-10 14:49:19,074 - test_client - INFO - 发起POST请求:http://127.0.0.1:5000/api/todos
2026-03-10 14:49:19,086 - test_client - INFO - 响应状态码：400
2026-03-10 14:49:19,089 - test_client - INFO - 发起POST请求:http://127.0.0.1:5000/api/todos
2026-03-10 14:49:19,130 - test_client - INFO - 响应状态码：201
2026-03-10 14:49:19,132 - test_client - INFO - 发起GET请求:http://127.0.0.1:5000/api/todos
2026-03-10 14:49:19,158 - test_client - INFO - 响应状态码：200
2026-03-10 14:49:19,160 - test_client - INFO - 发起DELETE请求:http://127.0.0.1:5000/api/todos/1
2026-03-10 14:49:19,198 - test_client - INFO - 响应状态码：204
2026-03-10 14:49:19,198 - test_client - INFO - 发起DELETE请求:http://127.0.0.1:5000/api/todos/2
2026-03-10 14:49:19,215 - test_client - INFO - 响应状态码：204
2026-03-10 14:49:19,215 - test_client - INFO - 发起DELETE请求:http://127.0.0.1:5000/api/todos/3
2026-03-10 14:49:19,235 - test_client - INFO - 响应状态码：204
2026-03-10 14:49:19,235 - test_client - INFO - 发起POST请求:http://127.0.0.1:5000/api/todos
2026-03-10 14:49:19,275 - test_client - INFO - 响应状态码：201
2026-03-10 14:49:19,275 - test_client - INFO - 发起POST请求:http://127.0.0.1:5000/api/todos
2026-03-10 14:49:19,294 - test_client - INFO - 响应状态码：201
2026-03-10 14:49:19,294 - test_client - INFO - 发起GET请求:http://127.0.0.1:5000/api/todos
2026-03-10 14:49:19,316 - test_client - INFO - 响应状态码：200
2026-03-10 14:49:19,318 - test_client - INFO - 发起GET请求:http://127.0.0.1:5000/api/todos
2026-03-10 14:49:19,319 - test_client - INFO - 响应状态码：200
2026-03-10 14:49:19,319 - test_client - INFO - 发起DELETE请求:http://127.0.0.1:5000/api/todos/1
2026-03-10 14:49:19,365 - test_client - INFO - 响应状态码：204
2026-03-10 14:49:19,365 - test_client - INFO - 发起DELETE请求:http://127.0.0.1:5000/api/todos/2
2026-03-10 14:49:19,409 - test_client - INFO - 响应状态码：204
2026-03-10 14:49:19,409 - test_client - INFO - 发起POST请求:http://127.0.0.1:5000/api/todos
2026-03-10 14:49:19,429 - test_client - INFO - 响应状态码：201
2026-03-10 14:49:19,429 - test_client - INFO - 发起GET请求:http://127.0.0.1:5000/api/todos/1
2026-03-10 14:49:19,448 - test_client - INFO - 响应状态码：200
2026-03-10 14:49:19,451 - test_client - INFO - 发起GET请求:http://127.0.0.1:5000/api/todos/99999
2026-03-10 14:49:19,464 - test_client - INFO - 响应状态码：404
2026-03-10 14:49:19,466 - test_client - INFO - 发起GET请求:http://127.0.0.1:5000/api/todos
2026-03-10 14:49:19,480 - test_client - INFO - 响应状态码：200
2026-03-10 14:49:19,480 - test_client - INFO - 发起DELETE请求:http://127.0.0.1:5000/api/todos/1
2026-03-10 14:49:19,504 - test_client - INFO - 响应状态码：204
2026-03-10 14:49:19,504 - test_client - INFO - 发起POST请求:http://127.0.0.1:5000/api/todos
2026-03-10 14:49:19,544 - test_client - INFO - 响应状态码：201
2026-03-10 14:49:19,544 - test_client - INFO - 发起PUT请求:http://127.0.0.1:5000/api/todos/1
2026-03-10 14:49:19,583 - test_client - INFO - 响应状态码：200
2026-03-10 14:49:19,586 - test_client - INFO - 发起GET请求:http://127.0.0.1:5000/api/todos
2026-03-10 14:49:19,589 - test_client - INFO - 响应状态码：200
2026-03-10 14:49:19,589 - test_client - INFO - 发起DELETE请求:http://127.0.0.1:5000/api/todos/1
2026-03-10 14:49:19,627 - test_client - INFO - 响应状态码：204
2026-03-10 14:49:19,628 - test_client - INFO - 发起POST请求:http://127.0.0.1:5000/api/todos
2026-03-10 14:49:19,662 - test_client - INFO - 响应状态码：201
2026-03-10 14:49:19,662 - test_client - INFO - 发起PUT请求:http://127.0.0.1:5000/api/todos/1
2026-03-10 14:49:19,707 - test_client - INFO - 响应状态码：500
2026-03-10 14:49:19,773 - test_client - INFO - 发起GET请求:http://127.0.0.1:5000/api/todos
2026-03-10 14:49:19,788 - test_client - INFO - 响应状态码：200
2026-03-10 14:49:19,788 - test_client - INFO - 发起DELETE请求:http://127.0.0.1:5000/api/todos/1
2026-03-10 14:49:19,832 - test_client - INFO - 响应状态码：204
2026-03-10 14:49:19,832 - test_client - INFO - 发起PUT请求:http://127.0.0.1:5000/api/todos/9999
2026-03-10 14:49:19,855 - test_client - INFO - 响应状态码：404
2026-03-10 14:49:19,858 - test_client - INFO - 发起GET请求:http://127.0.0.1:5000/api/todos
2026-03-10 14:49:19,860 - test_client - INFO - 响应状态码：200
2026-03-10 14:49:19,861 - test_client - INFO - 发起POST请求:http://127.0.0.1:5000/api/todos
2026-03-10 14:49:19,881 - test_client - INFO - 响应状态码：201
2026-03-10 14:49:19,881 - test_client - INFO - 发起DELETE请求:http://127.0.0.1:5000/api/todos/1
2026-03-10 14:49:19,918 - test_client - INFO - 响应状态码：204
2026-03-10 14:49:19,918 - test_client - INFO - 发起GET请求:http://127.0.0.1:5000/api/todos/1
2026-03-10 14:49:19,921 - test_client - INFO - 响应状态码：404
2026-03-10 14:49:19,924 - test_client - INFO - 发起DELETE请求:http://127.0.0.1:5000/api/todos/99999
2026-03-10 14:49:19,925 - test_client - INFO - 响应状态码：404
2026-03-10 15:10:53,300 - test_client - INFO - 发起POST请求:http://127.0.0.1:5000/api/todos
2026-03-10 15:10:53,383 - test_client - INFO - 响应状态码：201
2026-03-10 15:10:53,387 - test_client - INFO - 发起POST请求:http://127.0.0.1:5000/api/todos
2026-03-10 15:10:53,424 - test_client - INFO - 响应状态码：201
2026-03-10 15:10:53,428 - test_client - INFO - 发起POST请求:http://127.0.0.1:5000/api/todos
2026-03-10 15:10:53,447 - test_client - INFO - 响应状态码：400
2026-03-10 15:10:53,450 - test_client - INFO - 发起POST请求:http://127.0.0.1:5000/api/todos
2026-03-10 15:10:53,473 - test_client - INFO - 响应状态码：201
2026-03-10 15:10:53,476 - test_client - INFO - 发起GET请求:http://127.0.0.1:5000/api/todos
2026-03-10 15:10:53,501 - test_client - INFO - 响应状态码：200
2026-03-10 15:10:53,501 - test_client - INFO - 发起DELETE请求:http://127.0.0.1:5000/api/todos/1
2026-03-10 15:10:53,532 - test_client - INFO - 响应状态码：204
2026-03-10 15:10:53,534 - test_client - INFO - 发起DELETE请求:http://127.0.0.1:5000/api/todos/2
2026-03-10 15:10:53,563 - test_client - INFO - 响应状态码：204
2026-03-10 15:10:53,563 - test_client - INFO - 发起DELETE请求:http://127.0.0.1:5000/api/todos/3
2026-03-10 15:10:53,595 - test_client - INFO - 响应状态码：204
2026-03-10 15:10:53,595 - test_client - INFO - 发起DELETE请求:http://127.0.0.1:5000/api/todos/4
2026-03-10 15:10:53,636 - test_client - INFO - 响应状态码：204
2026-03-10 15:10:53,636 - test_client - INFO - 发起POST请求:http://127.0.0.1:5000/api/todos
2026-03-10 15:10:53,665 - test_client - INFO - 响应状态码：201
2026-03-10 15:10:53,665 - test_client - INFO - 发起POST请求:http://127.0.0.1:5000/api/todos
2026-03-10 15:10:53,706 - test_client - INFO - 响应状态码：201
2026-03-10 15:10:53,706 - test_client - INFO - 发起GET请求:http://127.0.0.1:5000/api/todos
2026-03-10 15:10:53,724 - test_client - INFO - 响应状态码：200
2026-03-10 15:10:53,728 - test_client - INFO - 发起GET请求:http://127.0.0.1:5000/api/todos
2026-03-10 15:10:53,741 - test_client - INFO - 响应状态码：200
2026-03-10 15:10:53,741 - test_client - INFO - 发起DELETE请求:http://127.0.0.1:5000/api/todos/1
2026-03-10 15:10:53,760 - test_client - INFO - 响应状态码：204
2026-03-10 15:10:53,760 - test_client - INFO - 发起DELETE请求:http://127.0.0.1:5000/api/todos/2
2026-03-10 15:10:53,800 - test_client - INFO - 响应状态码：204
2026-03-10 15:10:53,800 - test_client - INFO - 发起POST请求:http://127.0.0.1:5000/api/todos
2026-03-10 15:10:53,841 - test_client - INFO - 响应状态码：201
2026-03-10 15:10:53,841 - test_client - INFO - 发起GET请求:http://127.0.0.1:5000/api/todos/1
2026-03-10 15:10:53,854 - test_client - INFO - 响应状态码：200
2026-03-10 15:10:53,857 - test_client - INFO - 发起GET请求:http://127.0.0.1:5000/api/todos/99999
2026-03-10 15:10:53,869 - test_client - INFO - 响应状态码：404
2026-03-10 15:10:53,871 - test_client - INFO - 发起GET请求:http://127.0.0.1:5000/api/todos
2026-03-10 15:10:53,885 - test_client - INFO - 响应状态码：200
2026-03-10 15:10:53,885 - test_client - INFO - 发起DELETE请求:http://127.0.0.1:5000/api/todos/1
2026-03-10 15:10:53,919 - test_client - INFO - 响应状态码：204
2026-03-10 15:10:53,919 - test_client - INFO - 发起POST请求:http://127.0.0.1:5000/api/todos
2026-03-10 15:10:53,949 - test_client - INFO - 响应状态码：201
2026-03-10 15:10:53,949 - test_client - INFO - 发起PUT请求:http://127.0.0.1:5000/api/todos/1
2026-03-10 15:10:53,989 - test_client - INFO - 响应状态码：200
2026-03-10 15:10:53,992 - test_client - INFO - 发起GET请求:http://127.0.0.1:5000/api/todos
2026-03-10 15:10:54,004 - test_client - INFO - 响应状态码：200
2026-03-10 15:10:54,005 - test_client - INFO - 发起DELETE请求:http://127.0.0.1:5000/api/todos/1
2026-03-10 15:10:54,041 - test_client - INFO - 响应状态码：204
2026-03-10 15:10:54,041 - test_client - INFO - 发起POST请求:http://127.0.0.1:5000/api/todos
2026-03-10 15:10:54,077 - test_client - INFO - 响应状态码：201
2026-03-10 15:10:54,143 - test_client - INFO - 发起GET请求:http://127.0.0.1:5000/api/todos
2026-03-10 15:10:54,144 - test_client - INFO - 响应状态码：200
2026-03-10 15:10:54,144 - test_client - INFO - 发起DELETE请求:http://127.0.0.1:5000/api/todos/1
2026-03-10 15:10:54,185 - test_client - INFO - 响应状态码：204
2026-03-10 15:10:54,185 - test_client - INFO - 发起PUT请求:http://127.0.0.1:5000/api/todos/9999
2026-03-10 15:10:54,188 - test_client - INFO - 响应状态码：404
2026-03-10 15:10:54,191 - test_client - INFO - 发起GET请求:http://127.0.0.1:5000/api/todos
2026-03-10 15:10:54,203 - test_client - INFO - 响应状态码：200
2026-03-10 15:10:54,203 - test_client - INFO - 发起POST请求:http://127.0.0.1:5000/api/todos
2026-03-10 15:10:54,223 - test_client - INFO - 响应状态码：201
2026-03-10 15:10:54,223 - test_client - INFO - 发起DELETE请求:http://127.0.0.1:5000/api/todos/1
2026-03-10 15:10:54,242 - test_client - INFO - 响应状态码：204
2026-03-10 15:10:54,242 - test_client - INFO - 发起GET请求:http://127.0.0.1:5000/api/todos/1
2026-03-10 15:10:54,264 - test_client - INFO - 响应状态码：404
2026-03-10 15:10:54,267 - test_client - INFO - 发起DELETE请求:http://127.0.0.1:5000/api/todos/99999
2026-03-10 15:10:54,269 - test_client - INFO - 响应状态码：404
2026-03-10 15:11:05,463 - test_client - INFO - 发起POST请求:http://127.0.0.1:5000/api/todos
2026-03-10 15:11:05,531 - test_client - INFO - 响应状态码：201
2026-03-10 15:11:05,536 - test_client - INFO - 发起POST请求:http://127.0.0.1:5000/api/todos
2026-03-10 15:11:05,575 - test_client - INFO - 响应状态码：201
2026-03-10 15:11:05,577 - test_client - INFO - 发起POST请求:http://127.0.0.1:5000/api/todos
2026-03-10 15:11:05,579 - test_client - INFO - 响应状态码：400
2026-03-10 15:11:05,582 - test_client - INFO - 发起POST请求:http://127.0.0.1:5000/api/todos
2026-03-10 15:11:05,614 - test_client - INFO - 响应状态码：201
2026-03-10 15:11:05,618 - test_client - INFO - 发起GET请求:http://127.0.0.1:5000/api/todos
2026-03-10 15:11:05,635 - test_client - INFO - 响应状态码：200
2026-03-10 15:11:05,635 - test_client - INFO - 发起DELETE请求:http://127.0.0.1:5000/api/todos/1
2026-03-10 15:11:05,672 - test_client - INFO - 响应状态码：204
2026-03-10 15:11:05,672 - test_client - INFO - 发起DELETE请求:http://127.0.0.1:5000/api/todos/2
2026-03-10 15:11:05,707 - test_client - INFO - 响应状态码：204
2026-03-10 15:11:05,707 - test_client - INFO - 发起DELETE请求:http://127.0.0.1:5000/api/todos/3
2026-03-10 15:11:05,747 - test_client - INFO - 响应状态码：204
2026-03-10 15:11:05,748 - test_client - INFO - 发起POST请求:http://127.0.0.1:5000/api/todos
2026-03-10 15:11:05,768 - test_client - INFO - 响应状态码：201
2026-03-10 15:11:05,768 - test_client - INFO - 发起POST请求:http://127.0.0.1:5000/api/todos
2026-03-10 15:11:05,798 - test_client - INFO - 响应状态码：201
2026-03-10 15:11:05,798 - test_client - INFO - 发起GET请求:http://127.0.0.1:5000/api/todos
2026-03-10 15:11:05,818 - test_client - INFO - 响应状态码：200
2026-03-10 15:11:05,821 - test_client - INFO - 发起GET请求:http://127.0.0.1:5000/api/todos
2026-03-10 15:11:05,823 - test_client - INFO - 响应状态码：200
2026-03-10 15:11:05,823 - test_client - INFO - 发起DELETE请求:http://127.0.0.1:5000/api/todos/1
2026-03-10 15:11:05,843 - test_client - INFO - 响应状态码：204
2026-03-10 15:11:05,843 - test_client - INFO - 发起DELETE请求:http://127.0.0.1:5000/api/todos/2
2026-03-10 15:11:05,882 - test_client - INFO - 响应状态码：204
2026-03-10 15:11:05,884 - test_client - INFO - 发起POST请求:http://127.0.0.1:5000/api/todos
2026-03-10 15:11:05,918 - test_client - INFO - 响应状态码：201
2026-03-10 15:11:05,918 - test_client - INFO - 发起GET请求:http://127.0.0.1:5000/api/todos/1
2026-03-10 15:11:05,943 - test_client - INFO - 响应状态码：200
2026-03-10 15:11:05,947 - test_client - INFO - 发起GET请求:http://127.0.0.1:5000/api/todos/99999
2026-03-10 15:11:05,949 - test_client - INFO - 响应状态码：404
2026-03-10 15:11:05,951 - test_client - INFO - 发起GET请求:http://127.0.0.1:5000/api/todos
2026-03-10 15:11:05,974 - test_client - INFO - 响应状态码：200
2026-03-10 15:11:05,974 - test_client - INFO - 发起DELETE请求:http://127.0.0.1:5000/api/todos/1
2026-03-10 15:11:06,008 - test_client - INFO - 响应状态码：204
2026-03-10 15:11:06,008 - test_client - INFO - 发起POST请求:http://127.0.0.1:5000/api/todos
2026-03-10 15:11:06,042 - test_client - INFO - 响应状态码：201
2026-03-10 15:11:06,042 - test_client - INFO - 发起PUT请求:http://127.0.0.1:5000/api/todos/1
2026-03-10 15:11:06,074 - test_client - INFO - 响应状态码：200
2026-03-10 15:11:06,076 - test_client - INFO - 发起GET请求:http://127.0.0.1:5000/api/todos
2026-03-10 15:11:06,092 - test_client - INFO - 响应状态码：200
2026-03-10 15:11:06,092 - test_client - INFO - 发起DELETE请求:http://127.0.0.1:5000/api/todos/1
2026-03-10 15:11:06,112 - test_client - INFO - 响应状态码：204
2026-03-10 15:11:06,112 - test_client - INFO - 发起POST请求:http://127.0.0.1:5000/api/todos
2026-03-10 15:11:06,151 - test_client - INFO - 响应状态码：201
2026-03-10 15:11:06,151 - test_client - INFO - 发起PUT请求:http://127.0.0.1:5000/api/todos/1
2026-03-10 15:11:06,189 - test_client - INFO - 响应状态码：500
2026-03-10 15:11:06,255 - test_client - INFO - 发起GET请求:http://127.0.0.1:5000/api/todos
2026-03-10 15:11:06,258 - test_client - INFO - 响应状态码：200
2026-03-10 15:11:06,258 - test_client - INFO - 发起DELETE请求:http://127.0.0.1:5000/api/todos/1
2026-03-10 15:11:06,279 - test_client - INFO - 响应状态码：204
2026-03-10 15:11:06,279 - test_client - INFO - 发起PUT请求:http://127.0.0.1:5000/api/todos/9999
2026-03-10 15:11:06,305 - test_client - INFO - 响应状态码：404
2026-03-10 15:11:06,309 - test_client - INFO - 发起GET请求:http://127.0.0.1:5000/api/todos
2026-03-10 15:11:06,311 - test_client - INFO - 响应状态码：200
2026-03-10 15:11:06,312 - test_client - INFO - 发起POST请求:http://127.0.0.1:5000/api/todos
2026-03-10 15:11:06,376 - test_client - INFO - 响应状态码：201
2026-03-10 15:11:06,376 - test_client - INFO - 发起DELETE请求:http://127.0.0.1:5000/api/todos/1
2026-03-10 15:11:06,407 - test_client - INFO - 响应状态码：204
2026-03-10 15:11:06,407 - test_client - INFO - 发起GET请求:http://127.0.0.1:5000/api/todos/1
2026-03-10 15:11:06,426 - test_client - INFO - 响应状态码：404
2026-03-10 15:11:06,430 - test_client - INFO - 发起DELETE请求:http://127.0.0.1:5000/api/todos/99999
2026-03-10 15:11:06,431 - test_client - INFO - 响应状态码：404
2026-03-10 15:12:57,280 - test_client - INFO - 发起POST请求:http://127.0.0.1:5000/api/todos
2026-03-10 15:12:57,366 - test_client - INFO - 响应状态码：201
2026-03-10 15:12:57,370 - test_client - INFO - 发起POST请求:http://127.0.0.1:5000/api/todos
2026-03-10 15:12:57,407 - test_client - INFO - 响应状态码：201
2026-03-10 15:12:57,410 - test_client - INFO - 发起POST请求:http://127.0.0.1:5000/api/todos
2026-03-10 15:12:57,425 - test_client - INFO - 响应状态码：400
2026-03-10 15:12:57,427 - test_client - INFO - 发起POST请求:http://127.0.0.1:5000/api/todos
2026-03-10 15:12:57,458 - test_client - INFO - 响应状态码：201
2026-03-10 15:12:57,461 - test_client - INFO - 发起GET请求:http://127.0.0.1:5000/api/todos
2026-03-10 15:12:57,462 - test_client - INFO - 响应状态码：200
2026-03-10 15:12:57,462 - test_client - INFO - 发起DELETE请求:http://127.0.0.1:5000/api/todos/1
2026-03-10 15:12:57,495 - test_client - INFO - 响应状态码：204
2026-03-10 15:12:57,495 - test_client - INFO - 发起DELETE请求:http://127.0.0.1:5000/api/todos/2
2026-03-10 15:12:57,536 - test_client - INFO - 响应状态码：204
2026-03-10 15:12:57,536 - test_client - INFO - 发起DELETE请求:http://127.0.0.1:5000/api/todos/3
2026-03-10 15:12:57,564 - test_client - INFO - 响应状态码：204
2026-03-10 15:12:57,564 - test_client - INFO - 发起POST请求:http://127.0.0.1:5000/api/todos
2026-03-10 15:12:57,601 - test_client - INFO - 响应状态码：201
2026-03-10 15:12:57,601 - test_client - INFO - 发起POST请求:http://127.0.0.1:5000/api/todos
2026-03-10 15:12:57,642 - test_client - INFO - 响应状态码：201
2026-03-10 15:12:57,642 - test_client - INFO - 发起GET请求:http://127.0.0.1:5000/api/todos
2026-03-10 15:12:57,659 - test_client - INFO - 响应状态码：200
2026-03-10 15:12:57,662 - test_client - INFO - 发起GET请求:http://127.0.0.1:5000/api/todos
2026-03-10 15:12:57,675 - test_client - INFO - 响应状态码：200
2026-03-10 15:12:57,675 - test_client - INFO - 发起DELETE请求:http://127.0.0.1:5000/api/todos/1
2026-03-10 15:12:57,710 - test_client - INFO - 响应状态码：204
2026-03-10 15:12:57,710 - test_client - INFO - 发起DELETE请求:http://127.0.0.1:5000/api/todos/2
2026-03-10 15:12:57,755 - test_client - INFO - 响应状态码：204
2026-03-10 15:12:57,755 - test_client - INFO - 发起POST请求:http://127.0.0.1:5000/api/todos
2026-03-10 15:12:57,784 - test_client - INFO - 响应状态码：201
2026-03-10 15:12:57,784 - test_client - INFO - 发起GET请求:http://127.0.0.1:5000/api/todos/1
2026-03-10 15:12:57,798 - test_client - INFO - 响应状态码：200
2026-03-10 15:12:57,801 - test_client - INFO - 发起GET请求:http://127.0.0.1:5000/api/todos/99999
2026-03-10 15:12:57,821 - test_client - INFO - 响应状态码：404
2026-03-10 15:12:57,822 - test_client - INFO - 发起GET请求:http://127.0.0.1:5000/api/todos
2026-03-10 15:12:57,835 - test_client - INFO - 响应状态码：200
2026-03-10 15:12:57,835 - test_client - INFO - 发起DELETE请求:http://127.0.0.1:5000/api/todos/1
2026-03-10 15:12:57,854 - test_client - INFO - 响应状态码：204
2026-03-10 15:12:57,856 - test_client - INFO - 发起POST请求:http://127.0.0.1:5000/api/todos
2026-03-10 15:12:57,889 - test_client - INFO - 响应状态码：201
2026-03-10 15:12:57,889 - test_client - INFO - 发起PUT请求:http://127.0.0.1:5000/api/todos/1
2026-03-10 15:12:57,919 - test_client - INFO - 响应状态码：200
2026-03-10 15:12:57,922 - test_client - INFO - 发起GET请求:http://127.0.0.1:5000/api/todos
2026-03-10 15:12:57,937 - test_client - INFO - 响应状态码：200
2026-03-10 15:12:57,937 - test_client - INFO - 发起DELETE请求:http://127.0.0.1:5000/api/todos/1
2026-03-10 15:12:57,969 - test_client - INFO - 响应状态码：204
2026-03-10 15:12:57,969 - test_client - INFO - 发起POST请求:http://127.0.0.1:5000/api/todos
2026-03-10 15:12:58,000 - test_client - INFO - 响应状态码：201
2026-03-10 15:12:58,001 - test_client - INFO - 发起PUT请求:http://127.0.0.1:5000/api/todos/1
2026-03-10 15:12:58,039 - test_client - INFO - 响应状态码：200
2026-03-10 15:12:58,042 - test_client - INFO - 发起GET请求:http://127.0.0.1:5000/api/todos
2026-03-10 15:12:58,044 - test_client - INFO - 响应状态码：200
2026-03-10 15:12:58,044 - test_client - INFO - 发起DELETE请求:http://127.0.0.1:5000/api/todos/1
2026-03-10 15:12:58,062 - test_client - INFO - 响应状态码：204
2026-03-10 15:12:58,063 - test_client - INFO - 发起PUT请求:http://127.0.0.1:5000/api/todos/9999
2026-03-10 15:12:58,075 - test_client - INFO - 响应状态码：404
2026-03-10 15:12:58,079 - test_client - INFO - 发起GET请求:http://127.0.0.1:5000/api/todos
2026-03-10 15:12:58,092 - test_client - INFO - 响应状态码：200
2026-03-10 15:12:58,092 - test_client - INFO - 发起POST请求:http://127.0.0.1:5000/api/todos
2026-03-10 15:12:58,136 - test_client - INFO - 响应状态码：201
2026-03-10 15:12:58,136 - test_client - INFO - 发起DELETE请求:http://127.0.0.1:5000/api/todos/1
2026-03-10 15:12:58,155 - test_client - INFO - 响应状态码：204
2026-03-10 15:12:58,155 - test_client - INFO - 发起GET请求:http://127.0.0.1:5000/api/todos/1
2026-03-10 15:12:58,173 - test_client - INFO - 响应状态码：404
2026-03-10 15:12:58,176 - test_client - INFO - 发起DELETE请求:http://127.0.0.1:5000/api/todos/99999
2026-03-10 15:12:58,188 - test_client - INFO - 响应状态码：404
2026-03-10 15:15:11,426 - test_client - INFO - 发起POST请求:http://127.0.0.1:5000/api/todos
2026-03-10 15:15:11,482 - test_client - INFO - 响应状态码：201
2026-03-10 15:15:11,486 - test_client - INFO - 发起POST请求:http://127.0.0.1:5000/api/todos
2026-03-10 15:15:11,525 - test_client - INFO - 响应状态码：201
2026-03-10 15:15:11,528 - test_client - INFO - 发起POST请求:http://127.0.0.1:5000/api/todos
2026-03-10 15:15:11,553 - test_client - INFO - 响应状态码：400
2026-03-10 15:15:11,558 - test_client - INFO - 发起POST请求:http://127.0.0.1:5000/api/todos
2026-03-10 15:15:11,589 - test_client - INFO - 响应状态码：201
2026-03-10 15:15:11,592 - test_client - INFO - 发起GET请求:http://127.0.0.1:5000/api/todos
2026-03-10 15:15:11,594 - test_client - INFO - 响应状态码：200
2026-03-10 15:15:11,595 - test_client - INFO - 发起DELETE请求:http://127.0.0.1:5000/api/todos/1
2026-03-10 15:15:11,635 - test_client - INFO - 响应状态码：204
2026-03-10 15:15:11,635 - test_client - INFO - 发起DELETE请求:http://127.0.0.1:5000/api/todos/2
2026-03-10 15:15:11,670 - test_client - INFO - 响应状态码：204
2026-03-10 15:15:11,670 - test_client - INFO - 发起DELETE请求:http://127.0.0.1:5000/api/todos/3
2026-03-10 15:15:11,689 - test_client - INFO - 响应状态码：204
2026-03-10 15:15:11,691 - test_client - INFO - 发起POST请求:http://127.0.0.1:5000/api/todos
2026-03-10 15:15:11,709 - test_client - INFO - 响应状态码：201
2026-03-10 15:15:11,709 - test_client - INFO - 发起POST请求:http://127.0.0.1:5000/api/todos
2026-03-10 15:15:11,739 - test_client - INFO - 响应状态码：201
2026-03-10 15:15:11,739 - test_client - INFO - 发起GET请求:http://127.0.0.1:5000/api/todos
2026-03-10 15:15:11,761 - test_client - INFO - 响应状态码：200
2026-03-10 15:15:11,763 - test_client - INFO - 发起GET请求:http://127.0.0.1:5000/api/todos
2026-03-10 15:15:11,776 - test_client - INFO - 响应状态码：200
2026-03-10 15:15:11,777 - test_client - INFO - 发起DELETE请求:http://127.0.0.1:5000/api/todos/1
2026-03-10 15:15:11,809 - test_client - INFO - 响应状态码：204
2026-03-10 15:15:11,809 - test_client - INFO - 发起DELETE请求:http://127.0.0.1:5000/api/todos/2
2026-03-10 15:15:11,838 - test_client - INFO - 响应状态码：204
2026-03-10 15:15:11,840 - test_client - INFO - 发起POST请求:http://127.0.0.1:5000/api/todos
2026-03-10 15:15:11,876 - test_client - INFO - 响应状态码：201
2026-03-10 15:15:11,876 - test_client - INFO - 发起GET请求:http://127.0.0.1:5000/api/todos/1
2026-03-10 15:15:11,897 - test_client - INFO - 响应状态码：200
2026-03-10 15:15:11,900 - test_client - INFO - 发起GET请求:http://127.0.0.1:5000/api/todos/99999
2026-03-10 15:15:11,914 - test_client - INFO - 响应状态码：404
2026-03-10 15:15:11,917 - test_client - INFO - 发起GET请求:http://127.0.0.1:5000/api/todos
2026-03-10 15:15:11,940 - test_client - INFO - 响应状态码：200
2026-03-10 15:15:11,941 - test_client - INFO - 发起DELETE请求:http://127.0.0.1:5000/api/todos/1
2026-03-10 15:15:11,979 - test_client - INFO - 响应状态码：204
2026-03-10 15:15:11,980 - test_client - INFO - 发起POST请求:http://127.0.0.1:5000/api/todos
2026-03-10 15:15:12,000 - test_client - INFO - 响应状态码：201
2026-03-10 15:15:12,000 - test_client - INFO - 发起PUT请求:http://127.0.0.1:5000/api/todos/1
2026-03-10 15:15:12,038 - test_client - INFO - 响应状态码：200
2026-03-10 15:15:12,041 - test_client - INFO - 发起GET请求:http://127.0.0.1:5000/api/todos
2026-03-10 15:15:12,052 - test_client - INFO - 响应状态码：200
2026-03-10 15:15:12,052 - test_client - INFO - 发起DELETE请求:http://127.0.0.1:5000/api/todos/1
2026-03-10 15:15:12,088 - test_client - INFO - 响应状态码：204
2026-03-10 15:15:12,089 - test_client - INFO - 发起POST请求:http://127.0.0.1:5000/api/todos
2026-03-10 15:15:12,118 - test_client - INFO - 响应状态码：201
2026-03-10 15:15:12,118 - test_client - INFO - 发起PUT请求:http://127.0.0.1:5000/api/todos/1
2026-03-10 15:15:12,157 - test_client - INFO - 响应状态码：200
2026-03-10 15:15:12,160 - test_client - INFO - 发起GET请求:http://127.0.0.1:5000/api/todos
2026-03-10 15:15:12,172 - test_client - INFO - 响应状态码：200
2026-03-10 15:15:12,172 - test_client - INFO - 发起DELETE请求:http://127.0.0.1:5000/api/todos/1
2026-03-10 15:15:12,210 - test_client - INFO - 响应状态码：204
2026-03-10 15:15:12,211 - test_client - INFO - 发起PUT请求:http://127.0.0.1:5000/api/todos/9999
2026-03-10 15:15:12,229 - test_client - INFO - 响应状态码：404
2026-03-10 15:15:12,232 - test_client - INFO - 发起GET请求:http://127.0.0.1:5000/api/todos
2026-03-10 15:15:12,259 - test_client - INFO - 响应状态码：200
2026-03-10 15:15:12,259 - test_client - INFO - 发起POST请求:http://127.0.0.1:5000/api/todos
2026-03-10 15:15:12,291 - test_client - INFO - 响应状态码：201
2026-03-10 15:15:12,291 - test_client - INFO - 发起DELETE请求:http://127.0.0.1:5000/api/todos/1
2026-03-10 15:15:12,322 - test_client - INFO - 响应状态码：204
2026-03-10 15:15:12,322 - test_client - INFO - 发起GET请求:http://127.0.0.1:5000/api/todos/1
2026-03-10 15:15:12,343 - test_client - INFO - 响应状态码：404
2026-03-10 15:15:12,347 - test_client - INFO - 发起DELETE请求:http://127.0.0.1:5000/api/todos/99999
2026-03-10 15:15:12,363 - test_client - INFO - 响应状态码：404
